// Jest Snapshot v1, https://goo.gl/fbAQLP

exports[`<StaticPages /> Expect to have unit tests specified 1`] = `null`;
